docker :  Image socialfollowersscraper-api Building 
At line:1 char:1
+ docker compose build 2>&1 | Tee-Object -FilePath "g:\SocialFollowersS ...
+ ~~~~~~~~~~~~~~~~~~~~~~~~~
    + CategoryInfo          : NotSpecified: ( Image socialfo...r-api Building  
   :String) [], RemoteException
    + FullyQualifiedErrorId : NativeCommandError
 
 Image socialfollowersscraper-worker Building 
#1 [internal] load local bake definitions
#1 reading from stdin 1.02kB done
#1 DONE 0.0s

#2 [worker internal] load build definition from Dockerfile
#2 transferring dockerfile: 30B 0.0s
#2 transferring dockerfile: 1.07kB 0.4s done
#2 DONE 0.5s

#3 [worker internal] load metadata for mcr.microsoft.com/playwright/python:v1.58.0-noble
#3 DONE 1.0s

#4 [worker internal] load .dockerignore
#4 transferring context: 192B 0.0s done
#4 DONE 0.1s

#5 [worker base 1/8] FROM mcr.microsoft.com/playwright/python:v1.58.0-noble@sha256:678457c4c323b981d8b4befc57b95366bb1bb6aa30057b1269f6b171e8d9975a
#5 resolve mcr.microsoft.com/playwright/python:v1.58.0-noble@sha256:678457c4c323b981d8b4befc57b95366bb1bb6aa30057b1269f6b171e8d9975a 0.1s done
#5 sha256:e93fce65fb9fdbf95d95433f0a49637000c985ffab1470a3bd7dc626ac7f1c06 30.60MB / 30.60MB 82.4s done
#5 extracting sha256:e93fce65fb9fdbf95d95433f0a49637000c985ffab1470a3bd7dc626ac7f1c06 2.8s done
#5 sha256:51b82ddb0ab67a7b6311de1c36bdd59bb94034358f5829c333c90f0be486deb3 47.42MB / 47.42MB 132.9s done
#5 extracting sha256:51b82ddb0ab67a7b6311de1c36bdd59bb94034358f5829c333c90f0be486deb3 4.9s done
#5 sha256:3a0ab2c2fcc07db022fc16b9a53ae776dc54eeaf6beefebe69c7e3ac6d9e00bf 91.48MB / 91.48MB 237.9s done
#5 extracting sha256:3a0ab2c2fcc07db022fc16b9a53ae776dc54eeaf6beefebe69c7e3ac6d9e00bf 1.3s done
#5 sha256:16de120b598a2a56515780feffabe7ff6c1d30b61411f4a6676fda6a5ff745d3 192.94MB / 787.58MB 566.5s
#5 resolve mcr.microsoft.com/playwright/python:v1.58.0-noble@sha256:678457c4c323b981d8b4befc57b95366bb1bb6aa30057b1269f6b171e8d9975a 0.1s done
#5 sha256:e93fce65fb9fdbf95d95433f0a49637000c985ffab1470a3bd7dc626ac7f1c06 30.60MB / 30.60MB 82.4s done
#5 extracting sha256:e93fce65fb9fdbf95d95433f0a49637000c985ffab1470a3bd7dc626ac7f1c06 2.8s done
#5 sha256:51b82ddb0ab67a7b6311de1c36bdd59bb94034358f5829c333c90f0be486deb3 47.42MB / 47.42MB 132.9s done
#5 extracting sha256:51b82ddb0ab67a7b6311de1c36bdd59bb94034358f5829c333c90f0be486deb3 4.9s done
#5 sha256:3a0ab2c2fcc07db022fc16b9a53ae776dc54eeaf6beefebe69c7e3ac6d9e00bf 91.48MB / 91.48MB 237.9s done
#5 extracting sha256:3a0ab2c2fcc07db022fc16b9a53ae776dc54eeaf6beefebe69c7e3ac6d9e00bf 1.3s done
#5 sha256:16de120b598a2a56515780feffabe7ff6c1d30b61411f4a6676fda6a5ff745d3 361.76MB / 787.58MB 1170.2s
#5 ...

#6 [api internal] load build context
#6 transferring context: 5.49kB 0.1s done
#6 DONE 0.2s

#5 [api base 1/8] FROM mcr.microsoft.com/playwright/python:v1.58.0-noble@sha256:678457c4c323b981d8b4befc57b95366bb1bb6aa30057b1269f6b171e8d9975a
#5 sha256:16de120b598a2a56515780feffabe7ff6c1d30b61411f4a6676fda6a5ff745d3 362.81MB / 787.58MB 1175.3s
#5 sha256:16de120b598a2a56515780feffabe7ff6c1d30b61411f4a6676fda6a5ff745d3 363.86MB / 787.58MB 1180.4s
#5 sha256:16de120b598a2a56515780feffabe7ff6c1d30b61411f4a6676fda6a5ff745d3 364.90MB / 787.58MB 1185.5s
#5 sha256:16de120b598a2a56515780feffabe7ff6c1d30b61411f4a6676fda6a5ff745d3 365.95MB / 787.58MB 1190.6s
#5 sha256:16de120b598a2a56515780feffabe7ff6c1d30b61411f4a6676fda6a5ff745d3 367.00MB / 787.58MB 1195.6s
#5 sha256:16de120b598a2a56515780feffabe7ff6c1d30b61411f4a6676fda6a5ff745d3 368.05MB / 787.58MB 1200.7s
#5 sha256:16de120b598a2a56515780feffabe7ff6c1d30b61411f4a6676fda6a5ff745d3 369.10MB / 787.58MB 1205.8s
#5 sha256:16de120b598a2a56515780feffabe7ff6c1d30b61411f4a6676fda6a5ff745d3 370.15MB / 787.58MB 1210.9s
#5 sha256:16de120b598a2a56515780feffabe7ff6c1d30b61411f4a6676fda6a5ff745d3 371.20MB / 787.58MB 1216.0s
#5 sha256:16de120b598a2a56515780feffabe7ff6c1d30b61411f4a6676fda6a5ff745d3 372.24MB / 787.58MB 1221.1s
#5 sha256:16de120b598a2a56515780feffabe7ff6c1d30b61411f4a6676fda6a5ff745d3 373.29MB / 787.58MB 1226.2s
#5 sha256:16de120b598a2a56515780feffabe7ff6c1d30b61411f4a6676fda6a5ff745d3 375.39MB / 787.58MB 1231.3s
#5 sha256:16de120b598a2a56515780feffabe7ff6c1d30b61411f4a6676fda6a5ff745d3 375.39MB / 787.58MB 1236.4s
#5 sha256:16de120b598a2a56515780feffabe7ff6c1d30b61411f4a6676fda6a5ff745d3 376.44MB / 787.58MB 1241.5s
#5 sha256:16de120b598a2a56515780feffabe7ff6c1d30b61411f4a6676fda6a5ff745d3 377.49MB / 787.58MB 1246.6s
#5 sha256:16de120b598a2a56515780feffabe7ff6c1d30b61411f4a6676fda6a5ff745d3 378.54MB / 787.58MB 1251.7s
#5 sha256:16de120b598a2a56515780feffabe7ff6c1d30b61411f4a6676fda6a5ff745d3 380.63MB / 787.58MB 1256.8s
#5 sha256:16de120b598a2a56515780feffabe7ff6c1d30b61411f4a6676fda6a5ff745d3 381.68MB / 787.58MB 1261.9s
#5 sha256:16de120b598a2a56515780feffabe7ff6c1d30b61411f4a6676fda6a5ff745d3 381.68MB / 787.58MB 1267.0s
#5 sha256:16de120b598a2a56515780feffabe7ff6c1d30b61411f4a6676fda6a5ff745d3 381.68MB / 787.58MB 1272.1s
#5 sha256:16de120b598a2a56515780feffabe7ff6c1d30b61411f4a6676fda6a5ff745d3 382.73MB / 787.58MB 1277.2s
#5 sha256:16de120b598a2a56515780feffabe7ff6c1d30b61411f4a6676fda6a5ff745d3 383.78MB / 787.58MB 1282.3s
#5 sha256:16de120b598a2a56515780feffabe7ff6c1d30b61411f4a6676fda6a5ff745d3 384.83MB / 787.58MB 1287.4s
#5 sha256:16de120b598a2a56515780feffabe7ff6c1d30b61411f4a6676fda6a5ff745d3 384.83MB / 787.58MB 1292.5s
#5 sha256:16de120b598a2a56515780feffabe7ff6c1d30b61411f4a6676fda6a5ff745d3 385.88MB / 787.58MB 1297.6s
#5 sha256:16de120b598a2a56515780feffabe7ff6c1d30b61411f4a6676fda6a5ff745d3 385.88MB / 787.58MB 1302.7s
#5 sha256:16de120b598a2a56515780feffabe7ff6c1d30b61411f4a6676fda6a5ff745d3 385.88MB / 787.58MB 1307.8s
#5 sha256:16de120b598a2a56515780feffabe7ff6c1d30b61411f4a6676fda6a5ff745d3 385.88MB / 787.58MB 1312.9s
#5 sha256:16de120b598a2a56515780feffabe7ff6c1d30b61411f4a6676fda6a5ff745d3 385.88MB / 787.58MB 1318.0s
#5 sha256:16de120b598a2a56515780feffabe7ff6c1d30b61411f4a6676fda6a5ff745d3 385.88MB / 787.58MB 1323.1s
#5 sha256:16de120b598a2a56515780feffabe7ff6c1d30b61411f4a6676fda6a5ff745d3 385.88MB / 787.58MB 1328.2s
#5 sha256:16de120b598a2a56515780feffabe7ff6c1d30b61411f4a6676fda6a5ff745d3 385.88MB / 787.58MB 1333.3s
#5 sha256:16de120b598a2a56515780feffabe7ff6c1d30b61411f4a6676fda6a5ff745d3 385.88MB / 787.58MB 1338.4s
#5 sha256:16de120b598a2a56515780feffabe7ff6c1d30b61411f4a6676fda6a5ff745d3 385.88MB / 787.58MB 1343.5s
#5 sha256:16de120b598a2a56515780feffabe7ff6c1d30b61411f4a6676fda6a5ff745d3 385.88MB / 787.58MB 1348.6s
#5 sha256:16de120b598a2a56515780feffabe7ff6c1d30b61411f4a6676fda6a5ff745d3 385.88MB / 787.58MB 1353.7s
#5 sha256:16de120b598a2a56515780feffabe7ff6c1d30b61411f4a6676fda6a5ff745d3 385.88MB / 787.58MB 1358.8s
#5 sha256:16de120b598a2a56515780feffabe7ff6c1d30b61411f4a6676fda6a5ff745d3 386.92MB / 787.58MB 1363.9s
#5 sha256:16de120b598a2a56515780feffabe7ff6c1d30b61411f4a6676fda6a5ff745d3 389.02MB / 787.58MB 1369.0s
#5 sha256:16de120b598a2a56515780feffabe7ff6c1d30b61411f4a6676fda6a5ff745d3 390.07MB / 787.58MB 1374.1s
#5 sha256:16de120b598a2a56515780feffabe7ff6c1d30b61411f4a6676fda6a5ff745d3 391.12MB / 787.58MB 1379.2s
#5 sha256:16de120b598a2a56515780feffabe7ff6c1d30b61411f4a6676fda6a5ff745d3 392.17MB / 787.58MB 1384.3s
#5 sha256:16de120b598a2a56515780feffabe7ff6c1d30b61411f4a6676fda6a5ff745d3 393.22MB / 787.58MB 1389.4s
#5 sha256:16de120b598a2a56515780feffabe7ff6c1d30b61411f4a6676fda6a5ff745d3 394.26MB / 787.58MB 1394.5s
#5 sha256:16de120b598a2a56515780feffabe7ff6c1d30b61411f4a6676fda6a5ff745d3 396.36MB / 787.58MB 1399.6s
#5 sha256:16de120b598a2a56515780feffabe7ff6c1d30b61411f4a6676fda6a5ff745d3 397.41MB / 787.58MB 1404.7s
#5 sha256:16de120b598a2a56515780feffabe7ff6c1d30b61411f4a6676fda6a5ff745d3 398.46MB / 787.58MB 1409.8s
#5 sha256:16de120b598a2a56515780feffabe7ff6c1d30b61411f4a6676fda6a5ff745d3 398.46MB / 787.58MB 1414.9s
#5 sha256:16de120b598a2a56515780feffabe7ff6c1d30b61411f4a6676fda6a5ff745d3 399.51MB / 787.58MB 1420.0s
#5 sha256:16de120b598a2a56515780feffabe7ff6c1d30b61411f4a6676fda6a5ff745d3 400.56MB / 787.58MB 1425.1s
#5 sha256:16de120b598a2a56515780feffabe7ff6c1d30b61411f4a6676fda6a5ff745d3 400.56MB / 787.58MB 1430.2s
#5 sha256:16de120b598a2a56515780feffabe7ff6c1d30b61411f4a6676fda6a5ff745d3 401.60MB / 787.58MB 1435.3s
#5 sha256:16de120b598a2a56515780feffabe7ff6c1d30b61411f4a6676fda6a5ff745d3 401.60MB / 787.58MB 1440.4s
#5 sha256:16de120b598a2a56515780feffabe7ff6c1d30b61411f4a6676fda6a5ff745d3 403.70MB / 787.58MB 1445.5s
#5 sha256:16de120b598a2a56515780feffabe7ff6c1d30b61411f4a6676fda6a5ff745d3 405.80MB / 787.58MB 1450.6s
#5 sha256:16de120b598a2a56515780feffabe7ff6c1d30b61411f4a6676fda6a5ff745d3 406.85MB / 787.58MB 1455.7s
#5 sha256:16de120b598a2a56515780feffabe7ff6c1d30b61411f4a6676fda6a5ff745d3 407.90MB / 787.58MB 1460.8s
#5 sha256:16de120b598a2a56515780feffabe7ff6c1d30b61411f4a6676fda6a5ff745d3 408.94MB / 787.58MB 1465.9s
#5 sha256:16de120b598a2a56515780feffabe7ff6c1d30b61411f4a6676fda6a5ff745d3 408.94MB / 787.58MB 1471.0s
#5 sha256:16de120b598a2a56515780feffabe7ff6c1d30b61411f4a6676fda6a5ff745d3 409.99MB / 787.58MB 1476.1s
#5 sha256:16de120b598a2a56515780feffabe7ff6c1d30b61411f4a6676fda6a5ff745d3 411.04MB / 787.58MB 1481.2s
#5 sha256:16de120b598a2a56515780feffabe7ff6c1d30b61411f4a6676fda6a5ff745d3 411.04MB / 787.58MB 1486.3s
#5 sha256:16de120b598a2a56515780feffabe7ff6c1d30b61411f4a6676fda6a5ff745d3 412.09MB / 787.58MB 1491.4s
#5 sha256:16de120b598a2a56515780feffabe7ff6c1d30b61411f4a6676fda6a5ff745d3 412.09MB / 787.58MB 1496.5s
#5 sha256:16de120b598a2a56515780feffabe7ff6c1d30b61411f4a6676fda6a5ff745d3 413.14MB / 787.58MB 1501.6s
#5 sha256:16de120b598a2a56515780feffabe7ff6c1d30b61411f4a6676fda6a5ff745d3 414.19MB / 787.58MB 1506.7s
#5 sha256:16de120b598a2a56515780feffabe7ff6c1d30b61411f4a6676fda6a5ff745d3 416.28MB / 787.58MB 1511.8s
#5 sha256:16de120b598a2a56515780feffabe7ff6c1d30b61411f4a6676fda6a5ff745d3 416.28MB / 787.58MB 1516.9s
#5 sha256:16de120b598a2a56515780feffabe7ff6c1d30b61411f4a6676fda6a5ff745d3 417.33MB / 787.58MB 1522.0s
#5 sha256:16de120b598a2a56515780feffabe7ff6c1d30b61411f4a6676fda6a5ff745d3 419.43MB / 787.58MB 1527.1s
#5 sha256:16de120b598a2a56515780feffabe7ff6c1d30b61411f4a6676fda6a5ff745d3 419.43MB / 787.58MB 1532.2s
#5 sha256:16de120b598a2a56515780feffabe7ff6c1d30b61411f4a6676fda6a5ff745d3 420.48MB / 787.58MB 1537.3s
#5 sha256:16de120b598a2a56515780feffabe7ff6c1d30b61411f4a6676fda6a5ff745d3 421.53MB / 787.58MB 1542.4s
#5 sha256:16de120b598a2a56515780feffabe7ff6c1d30b61411f4a6676fda6a5ff745d3 421.53MB / 787.58MB 1547.5s
#5 sha256:16de120b598a2a56515780feffabe7ff6c1d30b61411f4a6676fda6a5ff745d3 422.58MB / 787.58MB 1552.6s
#5 sha256:16de120b598a2a56515780feffabe7ff6c1d30b61411f4a6676fda6a5ff745d3 422.58MB / 787.58MB 1557.7s
#5 sha256:16de120b598a2a56515780feffabe7ff6c1d30b61411f4a6676fda6a5ff745d3 423.62MB / 787.58MB 1562.8s
#5 sha256:16de120b598a2a56515780feffabe7ff6c1d30b61411f4a6676fda6a5ff745d3 425.72MB / 787.58MB 1567.9s
#5 sha256:16de120b598a2a56515780feffabe7ff6c1d30b61411f4a6676fda6a5ff745d3 426.77MB / 787.58MB 1573.0s
#5 sha256:16de120b598a2a56515780feffabe7ff6c1d30b61411f4a6676fda6a5ff745d3 427.82MB / 787.58MB 1578.1s
#5 sha256:16de120b598a2a56515780feffabe7ff6c1d30b61411f4a6676fda6a5ff745d3 427.82MB / 787.58MB 1583.2s
#5 sha256:16de120b598a2a56515780feffabe7ff6c1d30b61411f4a6676fda6a5ff745d3 429.92MB / 787.58MB 1588.3s
#5 sha256:16de120b598a2a56515780feffabe7ff6c1d30b61411f4a6676fda6a5ff745d3 430.96MB / 787.58MB 1593.4s
#5 sha256:16de120b598a2a56515780feffabe7ff6c1d30b61411f4a6676fda6a5ff745d3 432.01MB / 787.58MB 1598.5s
#5 sha256:16de120b598a2a56515780feffabe7ff6c1d30b61411f4a6676fda6a5ff745d3 432.01MB / 787.58MB 1603.6s
#5 sha256:16de120b598a2a56515780feffabe7ff6c1d30b61411f4a6676fda6a5ff745d3 434.11MB / 787.58MB 1608.7s
#5 sha256:16de120b598a2a56515780feffabe7ff6c1d30b61411f4a6676fda6a5ff745d3 435.16MB / 787.58MB 1613.8s
#5 sha256:16de120b598a2a56515780feffabe7ff6c1d30b61411f4a6676fda6a5ff745d3 437.26MB / 787.58MB 1618.9s
#5 sha256:16de120b598a2a56515780feffabe7ff6c1d30b61411f4a6676fda6a5ff745d3 438.30MB / 787.58MB 1624.0s
#5 sha256:16de120b598a2a56515780feffabe7ff6c1d30b61411f4a6676fda6a5ff745d3 440.40MB / 787.58MB 1629.1s
#5 sha256:16de120b598a2a56515780feffabe7ff6c1d30b61411f4a6676fda6a5ff745d3 441.45MB / 787.58MB 1634.2s
#5 sha256:16de120b598a2a56515780feffabe7ff6c1d30b61411f4a6676fda6a5ff745d3 442.50MB / 787.58MB 1639.3s
#5 sha256:16de120b598a2a56515780feffabe7ff6c1d30b61411f4a6676fda6a5ff745d3 444.60MB / 787.58MB 1644.4s
#5 sha256:16de120b598a2a56515780feffabe7ff6c1d30b61411f4a6676fda6a5ff745d3 445.64MB / 787.58MB 1649.5s
#5 sha256:16de120b598a2a56515780feffabe7ff6c1d30b61411f4a6676fda6a5ff745d3 446.69MB / 787.58MB 1654.6s
#5 sha256:16de120b598a2a56515780feffabe7ff6c1d30b61411f4a6676fda6a5ff745d3 447.74MB / 787.58MB 1659.7s
#5 sha256:16de120b598a2a56515780feffabe7ff6c1d30b61411f4a6676fda6a5ff745d3 448.79MB / 787.58MB 1664.8s
#5 sha256:16de120b598a2a56515780feffabe7ff6c1d30b61411f4a6676fda6a5ff745d3 449.84MB / 787.58MB 1669.9s
#5 sha256:16de120b598a2a56515780feffabe7ff6c1d30b61411f4a6676fda6a5ff745d3 450.89MB / 787.58MB 1675.0s
#5 sha256:16de120b598a2a56515780feffabe7ff6c1d30b61411f4a6676fda6a5ff745d3 450.89MB / 787.58MB 1680.1s
#5 sha256:16de120b598a2a56515780feffabe7ff6c1d30b61411f4a6676fda6a5ff745d3 451.94MB / 787.58MB 1685.2s
#5 sha256:16de120b598a2a56515780feffabe7ff6c1d30b61411f4a6676fda6a5ff745d3 451.94MB / 787.58MB 1690.3s
#5 sha256:16de120b598a2a56515780feffabe7ff6c1d30b61411f4a6676fda6a5ff745d3 454.03MB / 787.58MB 1695.4s
#5 sha256:16de120b598a2a56515780feffabe7ff6c1d30b61411f4a6676fda6a5ff745d3 458.23MB / 787.58MB 1700.5s
#5 sha256:16de120b598a2a56515780feffabe7ff6c1d30b61411f4a6676fda6a5ff745d3 460.32MB / 787.58MB 1705.6s
#5 sha256:16de120b598a2a56515780feffabe7ff6c1d30b61411f4a6676fda6a5ff745d3 460.32MB / 787.58MB 1710.7s
#5 sha256:16de120b598a2a56515780feffabe7ff6c1d30b61411f4a6676fda6a5ff745d3 461.37MB / 787.58MB 1715.8s
#5 sha256:16de120b598a2a56515780feffabe7ff6c1d30b61411f4a6676fda6a5ff745d3 462.42MB / 787.58MB 1720.9s
#5 sha256:16de120b598a2a56515780feffabe7ff6c1d30b61411f4a6676fda6a5ff745d3 464.52MB / 787.58MB 1726.0s
#5 sha256:16de120b598a2a56515780feffabe7ff6c1d30b61411f4a6676fda6a5ff745d3 466.62MB / 787.58MB 1731.1s
#5 sha256:16de120b598a2a56515780feffabe7ff6c1d30b61411f4a6676fda6a5ff745d3 466.62MB / 787.58MB 1736.2s
#5 sha256:16de120b598a2a56515780feffabe7ff6c1d30b61411f4a6676fda6a5ff745d3 468.71MB / 787.58MB 1741.3s
#5 sha256:16de120b598a2a56515780feffabe7ff6c1d30b61411f4a6676fda6a5ff745d3 470.81MB / 787.58MB 1746.4s
#5 sha256:16de120b598a2a56515780feffabe7ff6c1d30b61411f4a6676fda6a5ff745d3 471.86MB / 787.58MB 1751.5s
#5 sha256:16de120b598a2a56515780feffabe7ff6c1d30b61411f4a6676fda6a5ff745d3 472.91MB / 787.58MB 1756.6s
#5 sha256:16de120b598a2a56515780feffabe7ff6c1d30b61411f4a6676fda6a5ff745d3 473.96MB / 787.58MB 1761.7s
#5 sha256:16de120b598a2a56515780feffabe7ff6c1d30b61411f4a6676fda6a5ff745d3 475.00MB / 787.58MB 1766.8s
#5 sha256:16de120b598a2a56515780feffabe7ff6c1d30b61411f4a6676fda6a5ff745d3 476.05MB / 787.58MB 1771.9s
#5 sha256:16de120b598a2a56515780feffabe7ff6c1d30b61411f4a6676fda6a5ff745d3 478.15MB / 787.58MB 1777.0s
#5 sha256:16de120b598a2a56515780feffabe7ff6c1d30b61411f4a6676fda6a5ff745d3 481.30MB / 787.58MB 1782.1s
#5 sha256:16de120b598a2a56515780feffabe7ff6c1d30b61411f4a6676fda6a5ff745d3 483.39MB / 787.58MB 1787.2s
#5 sha256:16de120b598a2a56515780feffabe7ff6c1d30b61411f4a6676fda6a5ff745d3 484.44MB / 787.58MB 1792.3s
#5 sha256:16de120b598a2a56515780feffabe7ff6c1d30b61411f4a6676fda6a5ff745d3 486.54MB / 787.58MB 1797.4s
#5 sha256:16de120b598a2a56515780feffabe7ff6c1d30b61411f4a6676fda6a5ff745d3 486.54MB / 787.58MB 1802.5s
#5 sha256:16de120b598a2a56515780feffabe7ff6c1d30b61411f4a6676fda6a5ff745d3 487.59MB / 787.58MB 1807.6s
#5 sha256:16de120b598a2a56515780feffabe7ff6c1d30b61411f4a6676fda6a5ff745d3 488.64MB / 787.58MB 1812.7s
#5 sha256:16de120b598a2a56515780feffabe7ff6c1d30b61411f4a6676fda6a5ff745d3 488.64MB / 787.58MB 1817.8s
#5 sha256:16de120b598a2a56515780feffabe7ff6c1d30b61411f4a6676fda6a5ff745d3 489.68MB / 787.58MB 1822.9s
#5 sha256:16de120b598a2a56515780feffabe7ff6c1d30b61411f4a6676fda6a5ff745d3 492.83MB / 787.58MB 1828.0s
#5 sha256:16de120b598a2a56515780feffabe7ff6c1d30b61411f4a6676fda6a5ff745d3 493.88MB / 787.58MB 1833.1s
#5 sha256:16de120b598a2a56515780feffabe7ff6c1d30b61411f4a6676fda6a5ff745d3 494.93MB / 787.58MB 1838.2s
#5 sha256:16de120b598a2a56515780feffabe7ff6c1d30b61411f4a6676fda6a5ff745d3 495.98MB / 787.58MB 1843.3s
#5 sha256:16de120b598a2a56515780feffabe7ff6c1d30b61411f4a6676fda6a5ff745d3 497.03MB / 787.58MB 1848.4s
#5 sha256:16de120b598a2a56515780feffabe7ff6c1d30b61411f4a6676fda6a5ff745d3 498.07MB / 787.58MB 1853.5s
#5 sha256:16de120b598a2a56515780feffabe7ff6c1d30b61411f4a6676fda6a5ff745d3 499.12MB / 787.58MB 1858.6s
#5 sha256:16de120b598a2a56515780feffabe7ff6c1d30b61411f4a6676fda6a5ff745d3 500.17MB / 787.58MB 1863.7s
#5 sha256:16de120b598a2a56515780feffabe7ff6c1d30b61411f4a6676fda6a5ff745d3 501.22MB / 787.58MB 1868.8s
#5 sha256:16de120b598a2a56515780feffabe7ff6c1d30b61411f4a6676fda6a5ff745d3 501.22MB / 787.58MB 1873.9s
#5 sha256:16de120b598a2a56515780feffabe7ff6c1d30b61411f4a6676fda6a5ff745d3 502.27MB / 787.58MB 1879.0s
#5 sha256:16de120b598a2a56515780feffabe7ff6c1d30b61411f4a6676fda6a5ff745d3 503.32MB / 787.58MB 1884.1s
#5 sha256:16de120b598a2a56515780feffabe7ff6c1d30b61411f4a6676fda6a5ff745d3 504.37MB / 787.58MB 1889.2s
#5 sha256:16de120b598a2a56515780feffabe7ff6c1d30b61411f4a6676fda6a5ff745d3 505.41MB / 787.58MB 1894.3s
#5 sha256:16de120b598a2a56515780feffabe7ff6c1d30b61411f4a6676fda6a5ff745d3 506.46MB / 787.58MB 1899.4s
#5 sha256:16de120b598a2a56515780feffabe7ff6c1d30b61411f4a6676fda6a5ff745d3 507.51MB / 787.58MB 1904.5s
#5 sha256:16de120b598a2a56515780feffabe7ff6c1d30b61411f4a6676fda6a5ff745d3 508.56MB / 787.58MB 1909.6s
#5 sha256:16de120b598a2a56515780feffabe7ff6c1d30b61411f4a6676fda6a5ff745d3 509.61MB / 787.58MB 1914.7s
#5 sha256:16de120b598a2a56515780feffabe7ff6c1d30b61411f4a6676fda6a5ff745d3 510.66MB / 787.58MB 1919.8s
#5 sha256:16de120b598a2a56515780feffabe7ff6c1d30b61411f4a6676fda6a5ff745d3 512.75MB / 787.58MB 1924.9s
#5 sha256:16de120b598a2a56515780feffabe7ff6c1d30b61411f4a6676fda6a5ff745d3 512.75MB / 787.58MB 1930.0s
#5 sha256:16de120b598a2a56515780feffabe7ff6c1d30b61411f4a6676fda6a5ff745d3 513.80MB / 787.58MB 1935.1s
#5 sha256:16de120b598a2a56515780feffabe7ff6c1d30b61411f4a6676fda6a5ff745d3 514.85MB / 787.58MB 1940.2s
#5 sha256:16de120b598a2a56515780feffabe7ff6c1d30b61411f4a6676fda6a5ff745d3 515.90MB / 787.58MB 1945.3s
#5 sha256:16de120b598a2a56515780feffabe7ff6c1d30b61411f4a6676fda6a5ff745d3 516.95MB / 787.58MB 1950.4s
#5 sha256:16de120b598a2a56515780feffabe7ff6c1d30b61411f4a6676fda6a5ff745d3 516.95MB / 787.58MB 1955.5s
#5 sha256:16de120b598a2a56515780feffabe7ff6c1d30b61411f4a6676fda6a5ff745d3 519.05MB / 787.58MB 1960.6s
#5 sha256:16de120b598a2a56515780feffabe7ff6c1d30b61411f4a6676fda6a5ff745d3 520.09MB / 787.58MB 1965.7s
#5 sha256:16de120b598a2a56515780feffabe7ff6c1d30b61411f4a6676fda6a5ff745d3 521.14MB / 787.58MB 1970.8s
#5 sha256:16de120b598a2a56515780feffabe7ff6c1d30b61411f4a6676fda6a5ff745d3 522.19MB / 787.58MB 1975.9s
#5 sha256:16de120b598a2a56515780feffabe7ff6c1d30b61411f4a6676fda6a5ff745d3 523.24MB / 787.58MB 1981.0s
#5 sha256:16de120b598a2a56515780feffabe7ff6c1d30b61411f4a6676fda6a5ff745d3 525.34MB / 787.58MB 1986.1s
#5 sha256:16de120b598a2a56515780feffabe7ff6c1d30b61411f4a6676fda6a5ff745d3 525.34MB / 787.58MB 1991.2s
#5 sha256:16de120b598a2a56515780feffabe7ff6c1d30b61411f4a6676fda6a5ff745d3 526.39MB / 787.58MB 1996.3s
#5 sha256:16de120b598a2a56515780feffabe7ff6c1d30b61411f4a6676fda6a5ff745d3 528.48MB / 787.58MB 2001.4s
#5 sha256:16de120b598a2a56515780feffabe7ff6c1d30b61411f4a6676fda6a5ff745d3 529.53MB / 787.58MB 2006.4s
#5 sha256:16de120b598a2a56515780feffabe7ff6c1d30b61411f4a6676fda6a5ff745d3 530.58MB / 787.58MB 2011.6s
#5 sha256:16de120b598a2a56515780feffabe7ff6c1d30b61411f4a6676fda6a5ff745d3 531.63MB / 787.58MB 2016.7s
#5 sha256:16de120b598a2a56515780feffabe7ff6c1d30b61411f4a6676fda6a5ff745d3 532.62MB / 787.58MB 2021.8s
#5 sha256:16de120b598a2a56515780feffabe7ff6c1d30b61411f4a6676fda6a5ff745d3 533.73MB / 787.58MB 2026.9s
#5 sha256:16de120b598a2a56515780feffabe7ff6c1d30b61411f4a6676fda6a5ff745d3 533.73MB / 787.58MB 2032.0s
#5 sha256:16de120b598a2a56515780feffabe7ff6c1d30b61411f4a6676fda6a5ff745d3 535.82MB / 787.58MB 2037.0s
#5 sha256:16de120b598a2a56515780feffabe7ff6c1d30b61411f4a6676fda6a5ff745d3 536.87MB / 787.58MB 2042.1s
#5 sha256:16de120b598a2a56515780feffabe7ff6c1d30b61411f4a6676fda6a5ff745d3 538.97MB / 787.58MB 2047.2s
#5 sha256:16de120b598a2a56515780feffabe7ff6c1d30b61411f4a6676fda6a5ff745d3 538.97MB / 787.58MB 2052.3s
#5 sha256:16de120b598a2a56515780feffabe7ff6c1d30b61411f4a6676fda6a5ff745d3 540.02MB / 787.58MB 2057.4s
#5 sha256:16de120b598a2a56515780feffabe7ff6c1d30b61411f4a6676fda6a5ff745d3 542.11MB / 787.58MB 2062.5s
#5 sha256:16de120b598a2a56515780feffabe7ff6c1d30b61411f4a6676fda6a5ff745d3 543.16MB / 787.58MB 2067.6s
#5 sha256:16de120b598a2a56515780feffabe7ff6c1d30b61411f4a6676fda6a5ff745d3 543.16MB / 787.58MB 2072.7s
#5 sha256:16de120b598a2a56515780feffabe7ff6c1d30b61411f4a6676fda6a5ff745d3 544.21MB / 787.58MB 2077.8s
#5 sha256:16de120b598a2a56515780feffabe7ff6c1d30b61411f4a6676fda6a5ff745d3 545.26MB / 787.58MB 2082.9s
#5 sha256:16de120b598a2a56515780feffabe7ff6c1d30b61411f4a6676fda6a5ff745d3 546.31MB / 787.58MB 2088.0s
#5 sha256:16de120b598a2a56515780feffabe7ff6c1d30b61411f4a6676fda6a5ff745d3 548.41MB / 787.58MB 2093.1s
#5 sha256:16de120b598a2a56515780feffabe7ff6c1d30b61411f4a6676fda6a5ff745d3 548.41MB / 787.58MB 2098.2s
#5 sha256:16de120b598a2a56515780feffabe7ff6c1d30b61411f4a6676fda6a5ff745d3 550.50MB / 787.58MB 2103.3s
#5 sha256:16de120b598a2a56515780feffabe7ff6c1d30b61411f4a6676fda6a5ff745d3 551.55MB / 787.58MB 2108.4s
#5 sha256:16de120b598a2a56515780feffabe7ff6c1d30b61411f4a6676fda6a5ff745d3 551.55MB / 787.58MB 2113.5s
#5 sha256:16de120b598a2a56515780feffabe7ff6c1d30b61411f4a6676fda6a5ff745d3 552.60MB / 787.58MB 2118.6s
#5 sha256:16de120b598a2a56515780feffabe7ff6c1d30b61411f4a6676fda6a5ff745d3 554.70MB / 787.58MB 2123.7s
#5 sha256:16de120b598a2a56515780feffabe7ff6c1d30b61411f4a6676fda6a5ff745d3 554.70MB / 787.58MB 2128.8s
#5 sha256:16de120b598a2a56515780feffabe7ff6c1d30b61411f4a6676fda6a5ff745d3 555.75MB / 787.58MB 2133.9s
#5 sha256:16de120b598a2a56515780feffabe7ff6c1d30b61411f4a6676fda6a5ff745d3 556.79MB / 787.58MB 2139.0s
#5 sha256:16de120b598a2a56515780feffabe7ff6c1d30b61411f4a6676fda6a5ff745d3 557.84MB / 787.58MB 2144.1s
#5 sha256:16de120b598a2a56515780feffabe7ff6c1d30b61411f4a6676fda6a5ff745d3 558.89MB / 787.58MB 2149.2s
#5 sha256:16de120b598a2a56515780feffabe7ff6c1d30b61411f4a6676fda6a5ff745d3 559.94MB / 787.58MB 2154.3s
#5 sha256:16de120b598a2a56515780feffabe7ff6c1d30b61411f4a6676fda6a5ff745d3 560.99MB / 787.58MB 2159.4s
#5 sha256:16de120b598a2a56515780feffabe7ff6c1d30b61411f4a6676fda6a5ff745d3 562.04MB / 787.58MB 2164.5s
#5 sha256:16de120b598a2a56515780feffabe7ff6c1d30b61411f4a6676fda6a5ff745d3 564.13MB / 787.58MB 2169.6s
#5 sha256:16de120b598a2a56515780feffabe7ff6c1d30b61411f4a6676fda6a5ff745d3 564.13MB / 787.58MB 2174.7s
#5 sha256:16de120b598a2a56515780feffabe7ff6c1d30b61411f4a6676fda6a5ff745d3 565.18MB / 787.58MB 2179.8s
#5 sha256:16de120b598a2a56515780feffabe7ff6c1d30b61411f4a6676fda6a5ff745d3 566.23MB / 787.58MB 2184.9s
#5 sha256:16de120b598a2a56515780feffabe7ff6c1d30b61411f4a6676fda6a5ff745d3 567.28MB / 787.58MB 2190.0s
#5 sha256:16de120b598a2a56515780feffabe7ff6c1d30b61411f4a6676fda6a5ff745d3 568.33MB / 787.58MB 2195.1s
#5 sha256:16de120b598a2a56515780feffabe7ff6c1d30b61411f4a6676fda6a5ff745d3 569.38MB / 787.58MB 2200.2s
#5 sha256:16de120b598a2a56515780feffabe7ff6c1d30b61411f4a6676fda6a5ff745d3 570.43MB / 787.58MB 2205.3s
#5 sha256:16de120b598a2a56515780feffabe7ff6c1d30b61411f4a6676fda6a5ff745d3 571.47MB / 787.58MB 2210.4s
#5 sha256:16de120b598a2a56515780feffabe7ff6c1d30b61411f4a6676fda6a5ff745d3 572.52MB / 787.58MB 2215.5s
#5 sha256:16de120b598a2a56515780feffabe7ff6c1d30b61411f4a6676fda6a5ff745d3 572.52MB / 787.58MB 2220.6s
#5 sha256:16de120b598a2a56515780feffabe7ff6c1d30b61411f4a6676fda6a5ff745d3 574.62MB / 787.58MB 2225.7s
#5 sha256:16de120b598a2a56515780feffabe7ff6c1d30b61411f4a6676fda6a5ff745d3 575.67MB / 787.58MB 2230.8s
#5 sha256:16de120b598a2a56515780feffabe7ff6c1d30b61411f4a6676fda6a5ff745d3 576.72MB / 787.58MB 2235.9s
#5 sha256:16de120b598a2a56515780feffabe7ff6c1d30b61411f4a6676fda6a5ff745d3 577.77MB / 787.58MB 2241.0s
#5 sha256:16de120b598a2a56515780feffabe7ff6c1d30b61411f4a6676fda6a5ff745d3 578.81MB / 787.58MB 2246.1s
#5 sha256:16de120b598a2a56515780feffabe7ff6c1d30b61411f4a6676fda6a5ff745d3 579.86MB / 787.58MB 2251.2s
#5 sha256:16de120b598a2a56515780feffabe7ff6c1d30b61411f4a6676fda6a5ff745d3 580.91MB / 787.58MB 2256.3s
#5 sha256:16de120b598a2a56515780feffabe7ff6c1d30b61411f4a6676fda6a5ff745d3 581.96MB / 787.58MB 2261.4s
#5 sha256:16de120b598a2a56515780feffabe7ff6c1d30b61411f4a6676fda6a5ff745d3 583.01MB / 787.58MB 2266.5s
#5 sha256:16de120b598a2a56515780feffabe7ff6c1d30b61411f4a6676fda6a5ff745d3 584.06MB / 787.58MB 2271.6s
#5 sha256:16de120b598a2a56515780feffabe7ff6c1d30b61411f4a6676fda6a5ff745d3 586.15MB / 787.58MB 2276.7s
#5 sha256:16de120b598a2a56515780feffabe7ff6c1d30b61411f4a6676fda6a5ff745d3 587.20MB / 787.58MB 2281.8s
#5 sha256:16de120b598a2a56515780feffabe7ff6c1d30b61411f4a6676fda6a5ff745d3 588.25MB / 787.58MB 2286.9s
#5 sha256:16de120b598a2a56515780feffabe7ff6c1d30b61411f4a6676fda6a5ff745d3 588.25MB / 787.58MB 2292.0s
#5 sha256:16de120b598a2a56515780feffabe7ff6c1d30b61411f4a6676fda6a5ff745d3 589.30MB / 787.58MB 2297.1s
#5 sha256:16de120b598a2a56515780feffabe7ff6c1d30b61411f4a6676fda6a5ff745d3 591.40MB / 787.58MB 2302.2s
#5 sha256:16de120b598a2a56515780feffabe7ff6c1d30b61411f4a6676fda6a5ff745d3 593.49MB / 787.58MB 2307.3s
#5 sha256:16de120b598a2a56515780feffabe7ff6c1d30b61411f4a6676fda6a5ff745d3 594.54MB / 787.58MB 2312.4s
#5 sha256:16de120b598a2a56515780feffabe7ff6c1d30b61411f4a6676fda6a5ff745d3 595.59MB / 787.58MB 2317.5s
#5 sha256:16de120b598a2a56515780feffabe7ff6c1d30b61411f4a6676fda6a5ff745d3 597.69MB / 787.58MB 2322.6s
#5 sha256:16de120b598a2a56515780feffabe7ff6c1d30b61411f4a6676fda6a5ff745d3 598.74MB / 787.58MB 2327.7s
#5 sha256:16de120b598a2a56515780feffabe7ff6c1d30b61411f4a6676fda6a5ff745d3 599.79MB / 787.58MB 2332.8s
#5 sha256:16de120b598a2a56515780feffabe7ff6c1d30b61411f4a6676fda6a5ff745d3 600.83MB / 787.58MB 2337.9s
#5 sha256:16de120b598a2a56515780feffabe7ff6c1d30b61411f4a6676fda6a5ff745d3 601.88MB / 787.58MB 2343.0s
#5 sha256:16de120b598a2a56515780feffabe7ff6c1d30b61411f4a6676fda6a5ff745d3 602.93MB / 787.58MB 2348.1s
#5 sha256:16de120b598a2a56515780feffabe7ff6c1d30b61411f4a6676fda6a5ff745d3 603.98MB / 787.58MB 2353.2s
#5 sha256:16de120b598a2a56515780feffabe7ff6c1d30b61411f4a6676fda6a5ff745d3 605.03MB / 787.58MB 2358.3s
#5 sha256:16de120b598a2a56515780feffabe7ff6c1d30b61411f4a6676fda6a5ff745d3 606.08MB / 787.58MB 2363.4s
#5 sha256:16de120b598a2a56515780feffabe7ff6c1d30b61411f4a6676fda6a5ff745d3 608.17MB / 787.58MB 2368.5s
#5 sha256:16de120b598a2a56515780feffabe7ff6c1d30b61411f4a6676fda6a5ff745d3 609.22MB / 787.58MB 2373.6s
#5 sha256:16de120b598a2a56515780feffabe7ff6c1d30b61411f4a6676fda6a5ff745d3 610.27MB / 787.58MB 2378.7s
#5 sha256:16de120b598a2a56515780feffabe7ff6c1d30b61411f4a6676fda6a5ff745d3 611.32MB / 787.58MB 2383.8s
#5 sha256:16de120b598a2a56515780feffabe7ff6c1d30b61411f4a6676fda6a5ff745d3 613.42MB / 787.58MB 2388.9s
#5 sha256:16de120b598a2a56515780feffabe7ff6c1d30b61411f4a6676fda6a5ff745d3 614.47MB / 787.58MB 2394.0s
#5 sha256:16de120b598a2a56515780feffabe7ff6c1d30b61411f4a6676fda6a5ff745d3 615.51MB / 787.58MB 2399.1s
#5 sha256:16de120b598a2a56515780feffabe7ff6c1d30b61411f4a6676fda6a5ff745d3 617.61MB / 787.58MB 2404.2s
#5 sha256:16de120b598a2a56515780feffabe7ff6c1d30b61411f4a6676fda6a5ff745d3 618.66MB / 787.58MB 2409.3s
#5 sha256:16de120b598a2a56515780feffabe7ff6c1d30b61411f4a6676fda6a5ff745d3 619.71MB / 787.58MB 2414.4s
#5 sha256:16de120b598a2a56515780feffabe7ff6c1d30b61411f4a6676fda6a5ff745d3 621.81MB / 787.58MB 2419.5s
#5 sha256:16de120b598a2a56515780feffabe7ff6c1d30b61411f4a6676fda6a5ff745d3 622.85MB / 787.58MB 2424.6s
#5 sha256:16de120b598a2a56515780feffabe7ff6c1d30b61411f4a6676fda6a5ff745d3 623.90MB / 787.58MB 2429.7s
#5 sha256:16de120b598a2a56515780feffabe7ff6c1d30b61411f4a6676fda6a5ff745d3 624.95MB / 787.58MB 2434.8s
#5 sha256:16de120b598a2a56515780feffabe7ff6c1d30b61411f4a6676fda6a5ff745d3 626.00MB / 787.58MB 2439.9s
#5 sha256:16de120b598a2a56515780feffabe7ff6c1d30b61411f4a6676fda6a5ff745d3 627.05MB / 787.58MB 2445.0s
#5 sha256:16de120b598a2a56515780feffabe7ff6c1d30b61411f4a6676fda6a5ff745d3 628.10MB / 787.58MB 2450.1s
#5 sha256:16de120b598a2a56515780feffabe7ff6c1d30b61411f4a6676fda6a5ff745d3 629.15MB / 787.58MB 2455.2s
#5 sha256:16de120b598a2a56515780feffabe7ff6c1d30b61411f4a6676fda6a5ff745d3 630.19MB / 787.58MB 2460.3s
#5 sha256:16de120b598a2a56515780feffabe7ff6c1d30b61411f4a6676fda6a5ff745d3 632.29MB / 787.58MB 2465.4s
#5 sha256:16de120b598a2a56515780feffabe7ff6c1d30b61411f4a6676fda6a5ff745d3 633.34MB / 787.58MB 2470.5s
#5 sha256:16de120b598a2a56515780feffabe7ff6c1d30b61411f4a6676fda6a5ff745d3 635.44MB / 787.58MB 2475.6s
#5 sha256:16de120b598a2a56515780feffabe7ff6c1d30b61411f4a6676fda6a5ff745d3 636.49MB / 787.58MB 2480.7s
#5 sha256:16de120b598a2a56515780feffabe7ff6c1d30b61411f4a6676fda6a5ff745d3 637.53MB / 787.58MB 2485.8s
#5 sha256:16de120b598a2a56515780feffabe7ff6c1d30b61411f4a6676fda6a5ff745d3 638.58MB / 787.58MB 2490.9s
#5 sha256:16de120b598a2a56515780feffabe7ff6c1d30b61411f4a6676fda6a5ff745d3 640.68MB / 787.58MB 2496.0s
#5 sha256:16de120b598a2a56515780feffabe7ff6c1d30b61411f4a6676fda6a5ff745d3 642.78MB / 787.58MB 2501.1s
#5 sha256:16de120b598a2a56515780feffabe7ff6c1d30b61411f4a6676fda6a5ff745d3 643.83MB / 787.58MB 2506.2s
#5 sha256:16de120b598a2a56515780feffabe7ff6c1d30b61411f4a6676fda6a5ff745d3 644.87MB / 787.58MB 2511.3s
#5 sha256:16de120b598a2a56515780feffabe7ff6c1d30b61411f4a6676fda6a5ff745d3 645.92MB / 787.58MB 2516.4s
#5 sha256:16de120b598a2a56515780feffabe7ff6c1d30b61411f4a6676fda6a5ff745d3 646.97MB / 787.58MB 2521.5s
#5 sha256:16de120b598a2a56515780feffabe7ff6c1d30b61411f4a6676fda6a5ff745d3 648.02MB / 787.58MB 2526.6s
#5 sha256:16de120b598a2a56515780feffabe7ff6c1d30b61411f4a6676fda6a5ff745d3 649.07MB / 787.58MB 2531.7s
#5 sha256:16de120b598a2a56515780feffabe7ff6c1d30b61411f4a6676fda6a5ff745d3 650.12MB / 787.58MB 2536.8s
#5 sha256:16de120b598a2a56515780feffabe7ff6c1d30b61411f4a6676fda6a5ff745d3 651.17MB / 787.58MB 2541.9s
#5 sha256:16de120b598a2a56515780feffabe7ff6c1d30b61411f4a6676fda6a5ff745d3 652.21MB / 787.58MB 2547.0s
#5 sha256:16de120b598a2a56515780feffabe7ff6c1d30b61411f4a6676fda6a5ff745d3 654.31MB / 787.58MB 2552.1s
#5 sha256:16de120b598a2a56515780feffabe7ff6c1d30b61411f4a6676fda6a5ff745d3 655.36MB / 787.58MB 2557.2s
#5 sha256:16de120b598a2a56515780feffabe7ff6c1d30b61411f4a6676fda6a5ff745d3 656.41MB / 787.58MB 2562.3s
#5 sha256:16de120b598a2a56515780feffabe7ff6c1d30b61411f4a6676fda6a5ff745d3 657.46MB / 787.58MB 2567.4s
#5 sha256:16de120b598a2a56515780feffabe7ff6c1d30b61411f4a6676fda6a5ff745d3 658.51MB / 787.58MB 2572.5s
#5 sha256:16de120b598a2a56515780feffabe7ff6c1d30b61411f4a6676fda6a5ff745d3 659.55MB / 787.58MB 2577.6s
#5 sha256:16de120b598a2a56515780feffabe7ff6c1d30b61411f4a6676fda6a5ff745d3 660.60MB / 787.58MB 2582.7s
#5 sha256:16de120b598a2a56515780feffabe7ff6c1d30b61411f4a6676fda6a5ff745d3 662.70MB / 787.58MB 2587.8s
#5 sha256:16de120b598a2a56515780feffabe7ff6c1d30b61411f4a6676fda6a5ff745d3 663.75MB / 787.58MB 2592.9s
#5 sha256:16de120b598a2a56515780feffabe7ff6c1d30b61411f4a6676fda6a5ff745d3 665.85MB / 787.58MB 2598.0s
#5 sha256:16de120b598a2a56515780feffabe7ff6c1d30b61411f4a6676fda6a5ff745d3 667.94MB / 787.58MB 2603.1s
#5 sha256:16de120b598a2a56515780feffabe7ff6c1d30b61411f4a6676fda6a5ff745d3 668.99MB / 787.58MB 2608.2s
#5 sha256:16de120b598a2a56515780feffabe7ff6c1d30b61411f4a6676fda6a5ff745d3 671.09MB / 787.58MB 2613.3s
#5 sha256:16de120b598a2a56515780feffabe7ff6c1d30b61411f4a6676fda6a5ff745d3 672.14MB / 787.58MB 2618.4s
#5 sha256:16de120b598a2a56515780feffabe7ff6c1d30b61411f4a6676fda6a5ff745d3 673.19MB / 787.58MB 2623.5s
#5 sha256:16de120b598a2a56515780feffabe7ff6c1d30b61411f4a6676fda6a5ff745d3 675.28MB / 787.58MB 2628.6s
#5 sha256:16de120b598a2a56515780feffabe7ff6c1d30b61411f4a6676fda6a5ff745d3 676.33MB / 787.58MB 2633.7s
#5 sha256:16de120b598a2a56515780feffabe7ff6c1d30b61411f4a6676fda6a5ff745d3 677.38MB / 787.58MB 2638.8s
#5 sha256:16de120b598a2a56515780feffabe7ff6c1d30b61411f4a6676fda6a5ff745d3 678.43MB / 787.58MB 2643.9s
#5 sha256:16de120b598a2a56515780feffabe7ff6c1d30b61411f4a6676fda6a5ff745d3 679.48MB / 787.58MB 2649.0s
#5 sha256:16de120b598a2a56515780feffabe7ff6c1d30b61411f4a6676fda6a5ff745d3 681.57MB / 787.58MB 2654.1s
#5 sha256:16de120b598a2a56515780feffabe7ff6c1d30b61411f4a6676fda6a5ff745d3 682.62MB / 787.58MB 2659.2s
#5 sha256:16de120b598a2a56515780feffabe7ff6c1d30b61411f4a6676fda6a5ff745d3 683.67MB / 787.58MB 2664.3s
#5 sha256:16de120b598a2a56515780feffabe7ff6c1d30b61411f4a6676fda6a5ff745d3 684.72MB / 787.58MB 2669.4s
#5 sha256:16de120b598a2a56515780feffabe7ff6c1d30b61411f4a6676fda6a5ff745d3 684.72MB / 787.58MB 2674.5s
#5 sha256:16de120b598a2a56515780feffabe7ff6c1d30b61411f4a6676fda6a5ff745d3 686.82MB / 787.58MB 2679.5s
#5 sha256:16de120b598a2a56515780feffabe7ff6c1d30b61411f4a6676fda6a5ff745d3 687.87MB / 787.58MB 2684.7s
#5 sha256:16de120b598a2a56515780feffabe7ff6c1d30b61411f4a6676fda6a5ff745d3 688.91MB / 787.58MB 2689.8s
#5 sha256:16de120b598a2a56515780feffabe7ff6c1d30b61411f4a6676fda6a5ff745d3 689.96MB / 787.58MB 2694.9s
#5 sha256:16de120b598a2a56515780feffabe7ff6c1d30b61411f4a6676fda6a5ff745d3 692.06MB / 787.58MB 2699.9s
#5 sha256:16de120b598a2a56515780feffabe7ff6c1d30b61411f4a6676fda6a5ff745d3 693.11MB / 787.58MB 2705.0s
#5 sha256:16de120b598a2a56515780feffabe7ff6c1d30b61411f4a6676fda6a5ff745d3 694.16MB / 787.58MB 2710.1s
#5 sha256:16de120b598a2a56515780feffabe7ff6c1d30b61411f4a6676fda6a5ff745d3 695.04MB / 787.58MB 2715.2s
#5 sha256:16de120b598a2a56515780feffabe7ff6c1d30b61411f4a6676fda6a5ff745d3 696.25MB / 787.58MB 2720.3s
#5 sha256:16de120b598a2a56515780feffabe7ff6c1d30b61411f4a6676fda6a5ff745d3 697.30MB / 787.58MB 2725.4s
#5 sha256:16de120b598a2a56515780feffabe7ff6c1d30b61411f4a6676fda6a5ff745d3 698.35MB / 787.58MB 2730.5s
#5 sha256:16de120b598a2a56515780feffabe7ff6c1d30b61411f4a6676fda6a5ff745d3 699.40MB / 787.58MB 2735.6s
#5 sha256:16de120b598a2a56515780feffabe7ff6c1d30b61411f4a6676fda6a5ff745d3 700.45MB / 787.58MB 2740.7s
#5 sha256:16de120b598a2a56515780feffabe7ff6c1d30b61411f4a6676fda6a5ff745d3 701.50MB / 787.58MB 2745.8s
#5 sha256:16de120b598a2a56515780feffabe7ff6c1d30b61411f4a6676fda6a5ff745d3 702.55MB / 787.58MB 2750.9s
#5 sha256:16de120b598a2a56515780feffabe7ff6c1d30b61411f4a6676fda6a5ff745d3 703.59MB / 787.58MB 2756.0s
#5 sha256:16de120b598a2a56515780feffabe7ff6c1d30b61411f4a6676fda6a5ff745d3 704.64MB / 787.58MB 2761.1s
#5 sha256:16de120b598a2a56515780feffabe7ff6c1d30b61411f4a6676fda6a5ff745d3 705.69MB / 787.58MB 2766.2s
#5 sha256:16de120b598a2a56515780feffabe7ff6c1d30b61411f4a6676fda6a5ff745d3 706.74MB / 787.58MB 2771.3s
#5 sha256:16de120b598a2a56515780feffabe7ff6c1d30b61411f4a6676fda6a5ff745d3 707.79MB / 787.58MB 2776.4s
#5 sha256:16de120b598a2a56515780feffabe7ff6c1d30b61411f4a6676fda6a5ff745d3 708.84MB / 787.58MB 2781.5s
#5 sha256:16de120b598a2a56515780feffabe7ff6c1d30b61411f4a6676fda6a5ff745d3 710.93MB / 787.58MB 2786.6s
#5 sha256:16de120b598a2a56515780feffabe7ff6c1d30b61411f4a6676fda6a5ff745d3 711.98MB / 787.58MB 2791.7s
#5 sha256:16de120b598a2a56515780feffabe7ff6c1d30b61411f4a6676fda6a5ff745d3 714.08MB / 787.58MB 2796.8s
#5 sha256:16de120b598a2a56515780feffabe7ff6c1d30b61411f4a6676fda6a5ff745d3 715.13MB / 787.58MB 2801.9s
#5 sha256:16de120b598a2a56515780feffabe7ff6c1d30b61411f4a6676fda6a5ff745d3 717.23MB / 787.58MB 2807.0s
#5 sha256:16de120b598a2a56515780feffabe7ff6c1d30b61411f4a6676fda6a5ff745d3 718.27MB / 787.58MB 2812.1s
#5 sha256:16de120b598a2a56515780feffabe7ff6c1d30b61411f4a6676fda6a5ff745d3 719.32MB / 787.58MB 2817.2s
#5 sha256:16de120b598a2a56515780feffabe7ff6c1d30b61411f4a6676fda6a5ff745d3 721.42MB / 787.58MB 2822.3s
#5 sha256:16de120b598a2a56515780feffabe7ff6c1d30b61411f4a6676fda6a5ff745d3 722.47MB / 787.58MB 2827.4s
#5 sha256:16de120b598a2a56515780feffabe7ff6c1d30b61411f4a6676fda6a5ff745d3 723.52MB / 787.58MB 2832.5s
#5 sha256:16de120b598a2a56515780feffabe7ff6c1d30b61411f4a6676fda6a5ff745d3 724.57MB / 787.58MB 2837.6s
#5 sha256:16de120b598a2a56515780feffabe7ff6c1d30b61411f4a6676fda6a5ff745d3 725.61MB / 787.58MB 2842.7s
#5 sha256:16de120b598a2a56515780feffabe7ff6c1d30b61411f4a6676fda6a5ff745d3 726.66MB / 787.58MB 2847.8s
#5 sha256:16de120b598a2a56515780feffabe7ff6c1d30b61411f4a6676fda6a5ff745d3 727.71MB / 787.58MB 2852.9s
#5 sha256:16de120b598a2a56515780feffabe7ff6c1d30b61411f4a6676fda6a5ff745d3 729.81MB / 787.58MB 2858.0s
#5 sha256:16de120b598a2a56515780feffabe7ff6c1d30b61411f4a6676fda6a5ff745d3 729.81MB / 787.58MB 2863.1s
#5 sha256:16de120b598a2a56515780feffabe7ff6c1d30b61411f4a6676fda6a5ff745d3 731.91MB / 787.58MB 2868.2s
#5 sha256:16de120b598a2a56515780feffabe7ff6c1d30b61411f4a6676fda6a5ff745d3 732.95MB / 787.58MB 2873.3s
#5 sha256:16de120b598a2a56515780feffabe7ff6c1d30b61411f4a6676fda6a5ff745d3 734.00MB / 787.58MB 2878.4s
#5 sha256:16de120b598a2a56515780feffabe7ff6c1d30b61411f4a6676fda6a5ff745d3 735.05MB / 787.58MB 2883.5s
#5 sha256:16de120b598a2a56515780feffabe7ff6c1d30b61411f4a6676fda6a5ff745d3 736.10MB / 787.58MB 2888.6s
#5 sha256:16de120b598a2a56515780feffabe7ff6c1d30b61411f4a6676fda6a5ff745d3 737.15MB / 787.58MB 2893.7s
#5 sha256:16de120b598a2a56515780feffabe7ff6c1d30b61411f4a6676fda6a5ff745d3 737.15MB / 787.58MB 2898.8s
#5 sha256:16de120b598a2a56515780feffabe7ff6c1d30b61411f4a6676fda6a5ff745d3 739.25MB / 787.58MB 2903.9s
#5 sha256:16de120b598a2a56515780feffabe7ff6c1d30b61411f4a6676fda6a5ff745d3 740.29MB / 787.58MB 2909.0s
#5 sha256:16de120b598a2a56515780feffabe7ff6c1d30b61411f4a6676fda6a5ff745d3 741.34MB / 787.58MB 2914.1s
#5 sha256:16de120b598a2a56515780feffabe7ff6c1d30b61411f4a6676fda6a5ff745d3 742.39MB / 787.58MB 2919.2s
#5 sha256:16de120b598a2a56515780feffabe7ff6c1d30b61411f4a6676fda6a5ff745d3 743.44MB / 787.58MB 2924.3s
#5 sha256:16de120b598a2a56515780feffabe7ff6c1d30b61411f4a6676fda6a5ff745d3 745.54MB / 787.58MB 2929.4s
#5 sha256:16de120b598a2a56515780feffabe7ff6c1d30b61411f4a6676fda6a5ff745d3 746.59MB / 787.58MB 2934.5s
#5 sha256:16de120b598a2a56515780feffabe7ff6c1d30b61411f4a6676fda6a5ff745d3 747.63MB / 787.58MB 2939.6s
#5 sha256:16de120b598a2a56515780feffabe7ff6c1d30b61411f4a6676fda6a5ff745d3 748.68MB / 787.58MB 2944.7s
#5 sha256:16de120b598a2a56515780feffabe7ff6c1d30b61411f4a6676fda6a5ff745d3 749.73MB / 787.58MB 2949.8s
#5 sha256:16de120b598a2a56515780feffabe7ff6c1d30b61411f4a6676fda6a5ff745d3 750.78MB / 787.58MB 2954.9s
#5 sha256:16de120b598a2a56515780feffabe7ff6c1d30b61411f4a6676fda6a5ff745d3 751.83MB / 787.58MB 2960.0s
#5 sha256:16de120b598a2a56515780feffabe7ff6c1d30b61411f4a6676fda6a5ff745d3 751.83MB / 787.58MB 2965.1s
#5 sha256:16de120b598a2a56515780feffabe7ff6c1d30b61411f4a6676fda6a5ff745d3 752.88MB / 787.58MB 2970.2s
#5 sha256:16de120b598a2a56515780feffabe7ff6c1d30b61411f4a6676fda6a5ff745d3 753.93MB / 787.58MB 2975.3s
#5 sha256:16de120b598a2a56515780feffabe7ff6c1d30b61411f4a6676fda6a5ff745d3 754.97MB / 787.58MB 2980.4s
#5 sha256:16de120b598a2a56515780feffabe7ff6c1d30b61411f4a6676fda6a5ff745d3 754.97MB / 787.58MB 2985.5s
#5 sha256:16de120b598a2a56515780feffabe7ff6c1d30b61411f4a6676fda6a5ff745d3 756.02MB / 787.58MB 2990.6s
#5 sha256:16de120b598a2a56515780feffabe7ff6c1d30b61411f4a6676fda6a5ff745d3 757.07MB / 787.58MB 2995.7s
#5 sha256:16de120b598a2a56515780feffabe7ff6c1d30b61411f4a6676fda6a5ff745d3 759.17MB / 787.58MB 3000.8s
#5 sha256:16de120b598a2a56515780feffabe7ff6c1d30b61411f4a6676fda6a5ff745d3 760.22MB / 787.58MB 3005.9s
#5 sha256:16de120b598a2a56515780feffabe7ff6c1d30b61411f4a6676fda6a5ff745d3 761.27MB / 787.58MB 3011.0s
#5 sha256:16de120b598a2a56515780feffabe7ff6c1d30b61411f4a6676fda6a5ff745d3 762.31MB / 787.58MB 3016.1s
#5 sha256:16de120b598a2a56515780feffabe7ff6c1d30b61411f4a6676fda6a5ff745d3 763.36MB / 787.58MB 3021.2s
#5 sha256:16de120b598a2a56515780feffabe7ff6c1d30b61411f4a6676fda6a5ff745d3 764.41MB / 787.58MB 3026.3s
#5 sha256:16de120b598a2a56515780feffabe7ff6c1d30b61411f4a6676fda6a5ff745d3 765.46MB / 787.58MB 3031.4s
#5 sha256:16de120b598a2a56515780feffabe7ff6c1d30b61411f4a6676fda6a5ff745d3 767.56MB / 787.58MB 3036.5s
#5 sha256:16de120b598a2a56515780feffabe7ff6c1d30b61411f4a6676fda6a5ff745d3 768.61MB / 787.58MB 3041.6s
#5 sha256:16de120b598a2a56515780feffabe7ff6c1d30b61411f4a6676fda6a5ff745d3 769.65MB / 787.58MB 3046.7s
#5 sha256:16de120b598a2a56515780feffabe7ff6c1d30b61411f4a6676fda6a5ff745d3 770.70MB / 787.58MB 3051.8s
#5 sha256:16de120b598a2a56515780feffabe7ff6c1d30b61411f4a6676fda6a5ff745d3 771.75MB / 787.58MB 3056.9s
#5 sha256:16de120b598a2a56515780feffabe7ff6c1d30b61411f4a6676fda6a5ff745d3 773.85MB / 787.58MB 3062.0s
#5 sha256:16de120b598a2a56515780feffabe7ff6c1d30b61411f4a6676fda6a5ff745d3 774.90MB / 787.58MB 3067.1s
#5 sha256:16de120b598a2a56515780feffabe7ff6c1d30b61411f4a6676fda6a5ff745d3 774.90MB / 787.58MB 3072.2s
#5 sha256:16de120b598a2a56515780feffabe7ff6c1d30b61411f4a6676fda6a5ff745d3 776.99MB / 787.58MB 3077.3s
#5 sha256:16de120b598a2a56515780feffabe7ff6c1d30b61411f4a6676fda6a5ff745d3 778.04MB / 787.58MB 3082.4s
#5 sha256:16de120b598a2a56515780feffabe7ff6c1d30b61411f4a6676fda6a5ff745d3 780.14MB / 787.58MB 3087.5s
#5 sha256:16de120b598a2a56515780feffabe7ff6c1d30b61411f4a6676fda6a5ff745d3 781.19MB / 787.58MB 3092.6s
#5 sha256:16de120b598a2a56515780feffabe7ff6c1d30b61411f4a6676fda6a5ff745d3 781.19MB / 787.58MB 3097.7s
#5 sha256:16de120b598a2a56515780feffabe7ff6c1d30b61411f4a6676fda6a5ff745d3 782.24MB / 787.58MB 3102.8s
#5 sha256:16de120b598a2a56515780feffabe7ff6c1d30b61411f4a6676fda6a5ff745d3 783.29MB / 787.58MB 3107.9s
#5 sha256:16de120b598a2a56515780feffabe7ff6c1d30b61411f4a6676fda6a5ff745d3 785.38MB / 787.58MB 3113.0s
#5 sha256:16de120b598a2a56515780feffabe7ff6c1d30b61411f4a6676fda6a5ff745d3 786.43MB / 787.58MB 3118.1s
#5 sha256:16de120b598a2a56515780feffabe7ff6c1d30b61411f4a6676fda6a5ff745d3 787.48MB / 787.58MB 3123.2s
#5 sha256:16de120b598a2a56515780feffabe7ff6c1d30b61411f4a6676fda6a5ff745d3 787.58MB / 787.58MB 3123.7s done
#5 sha256:16de120b598a2a56515780feffabe7ff6c1d30b61411f4a6676fda6a5ff745d3 787.58MB / 787.58MB 3123.7s done
#5 extracting sha256:16de120b598a2a56515780feffabe7ff6c1d30b61411f4a6676fda6a5ff745d3
#5 extracting sha256:16de120b598a2a56515780feffabe7ff6c1d30b61411f4a6676fda6a5ff745d3 66.0s done
#5 extracting sha256:16de120b598a2a56515780feffabe7ff6c1d30b61411f4a6676fda6a5ff745d3 66.0s done
#5 DONE 3190.5s

#7 [api base 2/8] WORKDIR /app
#7 DONE 4.6s

#8 [worker base 3/8] COPY requirements.txt .
#8 DONE 0.5s

#9 [api base 4/8] RUN pip install --no-cache-dir -r requirements.txt
#9 3.715 Collecting annotated-doc==0.0.4 (from -r requirements.txt (line 1))
#9 4.149   Downloading annotated_doc-0.0.4-py3-none-any.whl.metadata (6.6 kB)
#9 4.267 Collecting annotated-types==0.7.0 (from -r requirements.txt (line 2))
#9 4.360   Downloading annotated_types-0.7.0-py3-none-any.whl.metadata (15 kB)
#9 4.641 Collecting anyio==4.13.0 (from -r requirements.txt (line 3))
#9 4.769   Downloading anyio-4.13.0-py3-none-any.whl.metadata (4.5 kB)
#9 4.910 Collecting asgiref==3.7.2 (from -r requirements.txt (line 4))
#9 5.054   Downloading asgiref-3.7.2-py3-none-any.whl.metadata (9.2 kB)
#9 5.173 Collecting async-timeout==5.0.1 (from -r requirements.txt (line 5))
#9 5.270   Downloading async_timeout-5.0.1-py3-none-any.whl.metadata (5.1 kB)
#9 5.399 Collecting click==8.3.2 (from -r requirements.txt (line 6))
#9 5.488   Downloading click-8.3.2-py3-none-any.whl.metadata (2.6 kB)
#9 5.596 Collecting colorama==0.4.6 (from -r requirements.txt (line 7))
#9 5.682   Downloading colorama-0.4.6-py2.py3-none-any.whl.metadata (17 kB)
#9 5.872 Collecting croniter==6.2.2 (from -r requirements.txt (line 8))
#9 5.959   Downloading croniter-6.2.2-py3-none-any.whl.metadata (22 kB)
#9 6.277 Collecting Django==4.2.1 (from -r requirements.txt (line 9))
#9 6.378   Downloading Django-4.2.1-py3-none-any.whl.metadata (4.1 kB)
#9 6.479 Collecting exceptiongroup==1.3.1 (from -r requirements.txt (line 10))
#9 6.568   Downloading exceptiongroup-1.3.1-py3-none-any.whl.metadata (6.7 kB)
#9 6.826 Collecting fastapi==0.135.3 (from -r requirements.txt (line 11))
#9 6.917   Downloading fastapi-0.135.3-py3-none-any.whl.metadata (28 kB)
#9 7.662 Collecting greenlet==3.4.0 (from -r requirements.txt (line 12))
#9 7.764   Downloading greenlet-3.4.0-cp312-cp312-manylinux_2_24_x86_64.manylinux_2_28_x86_64.whl.metadata (3.7 kB)
#9 7.864 Collecting h11==0.16.0 (from -r requirements.txt (line 13))
#9 7.938   Downloading h11-0.16.0-py3-none-any.whl.metadata (8.3 kB)
#9 8.074 Collecting idna==3.11 (from -r requirements.txt (line 14))
#9 8.151   Downloading idna-3.11-py3-none-any.whl.metadata (8.4 kB)
#9 8.345 Collecting playwright==1.58.0 (from -r requirements.txt (line 15))
#9 8.433   Downloading playwright-1.58.0-py3-none-manylinux1_x86_64.whl.metadata (3.5 kB)
#9 8.997 Collecting pydantic==2.12.5 (from -r requirements.txt (line 16))
#9 9.077   Downloading pydantic-2.12.5-py3-none-any.whl.metadata (90 kB)
#9 11.24 Collecting pydantic_core==2.41.5 (from -r requirements.txt (line 17))
#9 11.35   Downloading pydantic_core-2.41.5-cp312-cp312-manylinux_2_17_x86_64.manylinux2014_x86_64.whl.metadata (7.3 kB)
#9 11.46 Collecting pyee==13.0.1 (from -r requirements.txt (line 18))
#9 11.55   Downloading pyee-13.0.1-py3-none-any.whl.metadata (3.0 kB)
#9 11.66 Collecting python-dateutil==2.9.0.post0 (from -r requirements.txt (line 19))
#9 11.75   Downloading python_dateutil-2.9.0.post0-py2.py3-none-any.whl.metadata (8.4 kB)
#9 11.90 Collecting redis==7.4.0 (from -r requirements.txt (line 20))
#9 11.98   Downloading redis-7.4.0-py3-none-any.whl.metadata (12 kB)
#9 12.36 Collecting rq==2.7.0 (from -r requirements.txt (line 21))
#9 12.45   Downloading rq-2.7.0-py3-none-any.whl.metadata (10 kB)
#9 12.55 Collecting six==1.17.0 (from -r requirements.txt (line 22))
#9 12.64   Downloading six-1.17.0-py2.py3-none-any.whl.metadata (1.7 kB)
#9 12.75 Collecting sqlparse==0.4.4 (from -r requirements.txt (line 23))
#9 12.84   Downloading sqlparse-0.4.4-py3-none-any.whl.metadata (4.0 kB)
#9 12.99 Collecting starlette==1.0.0 (from -r requirements.txt (line 24))
#9 13.07   Downloading starlette-1.0.0-py3-none-any.whl.metadata (6.3 kB)
#9 13.17 Collecting typing-inspection==0.4.2 (from -r requirements.txt (line 25))
#9 13.26   Downloading typing_inspection-0.4.2-py3-none-any.whl.metadata (2.6 kB)
#9 13.39 Collecting typing_extensions==4.15.0 (from -r requirements.txt (line 26))
#9 13.48   Downloading typing_extensions-4.15.0-py3-none-any.whl.metadata (3.3 kB)
#9 13.58 Collecting tzdata==2023.3 (from -r requirements.txt (line 27))
#9 13.68   Downloading tzdata-2023.3-py2.py3-none-any.whl.metadata (1.4 kB)
#9 13.87 Collecting uvicorn==0.44.0 (from -r requirements.txt (line 28))
#9 13.97   Downloading uvicorn-0.44.0-py3-none-any.whl.metadata (6.7 kB)
#9 14.35 Downloading annotated_doc-0.0.4-py3-none-any.whl (5.3 kB)
#9 14.44 Downloading annotated_types-0.7.0-py3-none-any.whl (13 kB)
#9 14.55 Downloading anyio-4.13.0-py3-none-any.whl (114 kB)
#9 14.72 Downloading asgiref-3.7.2-py3-none-any.whl (24 kB)
#9 14.83 Downloading async_timeout-5.0.1-py3-none-any.whl (6.2 kB)
#9 14.90 Downloading click-8.3.2-py3-none-any.whl (108 kB)
#9 15.03 Downloading colorama-0.4.6-py2.py3-none-any.whl (25 kB)
#9 15.15 Downloading croniter-6.2.2-py3-none-any.whl (45 kB)
#9 15.45 Downloading Django-4.2.1-py3-none-any.whl (8.0 MB)
#9 19.09    ΓöüΓöüΓöüΓöüΓöüΓöüΓöüΓöüΓöüΓöüΓöüΓöüΓöüΓöüΓöüΓöüΓöüΓöüΓöüΓöüΓöüΓöüΓöüΓöüΓöüΓöüΓöüΓöüΓöüΓöüΓöüΓöüΓöüΓöüΓöüΓöüΓöüΓöüΓöüΓöü 8.0/8.0 MB 2.2 MB/s  0:00:03
#9 19.16 Downloading exceptiongroup-1.3.1-py3-none-any.whl (16 kB)
#9 19.28 Downloading fastapi-0.135.3-py3-none-any.whl (117 kB)
#9 19.40 Downloading greenlet-3.4.0-cp312-cp312-manylinux_2_24_x86_64.manylinux_2_28_x86_64.whl (615 kB)
#9 19.66    ΓöüΓöüΓöüΓöüΓöüΓöüΓöüΓöüΓöüΓöüΓöüΓöüΓöüΓöüΓöüΓöüΓöüΓöüΓöüΓöüΓöüΓöüΓöüΓöüΓöüΓöüΓöüΓöüΓöüΓöüΓöüΓöüΓöüΓöüΓöüΓöüΓöüΓöüΓöüΓöü 615.1/615.1 kB 2.6 MB/s  0:00:00
#9 19.73 Downloading h11-0.16.0-py3-none-any.whl (37 kB)
#9 19.83 Downloading idna-3.11-py3-none-any.whl (71 kB)
#9 19.95 Downloading playwright-1.58.0-py3-none-manylinux1_x86_64.whl (46.2 MB)
#9 31.43    ΓöüΓöüΓöüΓöüΓöüΓöüΓöüΓöüΓöüΓöüΓöüΓöüΓöüΓöüΓöüΓöüΓöüΓöüΓöüΓöüΓöüΓöüΓöüΓöüΓöüΓöüΓöüΓöüΓöüΓöüΓöüΓöüΓöüΓöüΓöüΓöüΓöüΓöüΓöüΓöü 46.2/46.2 MB 4.0 MB/s  0:00:11
#9 31.53 Downloading pyee-13.0.1-py3-none-any.whl (15 kB)
#9 31.60 Downloading pydantic-2.12.5-py3-none-any.whl (463 kB)
#9 31.79 Downloading pydantic_core-2.41.5-cp312-cp312-manylinux_2_17_x86_64.manylinux2014_x86_64.whl (2.1 MB)
#9 32.25    ΓöüΓöüΓöüΓöüΓöüΓöüΓöüΓöüΓöüΓöüΓöüΓöüΓöüΓöüΓöüΓöüΓöüΓöüΓöüΓöüΓöüΓöüΓöüΓöüΓöüΓöüΓöüΓöüΓöüΓöüΓöüΓöüΓöüΓöüΓöüΓöüΓöüΓöüΓöüΓöü 2.1/2.1 MB 5.1 MB/s  0:00:00
#9 32.32 Downloading python_dateutil-2.9.0.post0-py2.py3-none-any.whl (229 kB)
#9 32.47 Downloading redis-7.4.0-py3-none-any.whl (409 kB)
#9 32.91 Downloading rq-2.7.0-py3-none-any.whl (115 kB)
#9 33.01 Downloading six-1.17.0-py2.py3-none-any.whl (11 kB)
#9 33.09 Downloading sqlparse-0.4.4-py3-none-any.whl (41 kB)
#9 33.18 Downloading starlette-1.0.0-py3-none-any.whl (72 kB)
#9 33.29 Downloading typing_inspection-0.4.2-py3-none-any.whl (14 kB)
#9 33.37 Downloading typing_extensions-4.15.0-py3-none-any.whl (44 kB)
#9 33.48 Downloading tzdata-2023.3-py2.py3-none-any.whl (341 kB)
#9 33.65 Downloading uvicorn-0.44.0-py3-none-any.whl (69 kB)
#9 34.18 Installing collected packages: tzdata, typing_extensions, sqlparse, six, redis, idna, h11, greenlet, colorama, click, async-timeout, asgiref, annotated-types, annotated-doc, uvicorn, typing-inspection, python-dateutil, pyee, pydantic_core, exceptiongroup, Django, anyio, starlette, pydantic, playwright, croniter, rq, fastapi
#9 49.90 
#9 49.91 Successfully installed Django-4.2.1 annotated-doc-0.0.4 annotated-types-0.7.0 anyio-4.13.0 asgiref-3.7.2 async-timeout-5.0.1 click-8.3.2 colorama-0.4.6 croniter-6.2.2 exceptiongroup-1.3.1 fastapi-0.135.3 greenlet-3.4.0 h11-0.16.0 idna-3.11 playwright-1.58.0 pydantic-2.12.5 pydantic_core-2.41.5 pyee-13.0.1 python-dateutil-2.9.0.post0 redis-7.4.0 rq-2.7.0 six-1.17.0 sqlparse-0.4.4 starlette-1.0.0 typing-inspection-0.4.2 typing_extensions-4.15.0 tzdata-2023.3 uvicorn-0.44.0
#9 49.91 WARNING: Running pip as the 'root' user can result in broken permissions and conflicting behaviour with the system package manager, possibly rendering your system unusable. It is recommended to use a virtual environment instead: https://pip.pypa.io/warnings/venv. Use the --root-user-action option if you know what you are doing and want to suppress this warning.
#9 50.49 
#9 50.49 [notice] A new release of pip is available: 25.3 -> 26.0.1
#9 50.49 [notice] To update, run: python -m pip install --upgrade pip
#9 DONE 57.6s

#10 [worker base 5/8] RUN playwright install chromium
#10 DONE 2.6s

#11 [worker base 5/8] RUN playwright install chromium
#11 CACHED

#12 [worker base 3/8] COPY requirements.txt .
#12 CACHED

#13 [worker base 4/8] RUN pip install --no-cache-dir -r requirements.txt
#13 CACHED

#14 [worker base 6/8] COPY . .
#14 DONE 1.3s

#15 [api base 7/8] RUN mkdir -p sessions/storage/instagram sessions/storage/tiktok sessions/storage/facebook
#15 DONE 2.5s

#16 [worker base 8/8] RUN chown -R pwuser:pwuser /app
#16 DONE 2.3s

#17 [worker] exporting to image
#17 exporting layers
#17 ...

#18 [api] exporting to image
#18 exporting layers 19.7s done
#18 exporting manifest sha256:7a8423fd466406f799e46f947f85199d1afe24b8d43bf1e69552090a8fbd7da3
#18 ...

#17 [worker] exporting to image
#17 exporting layers 19.7s done
#17 exporting manifest sha256:aa8bbd99c5c6edc9ad9950ae27a4fc9852bda10b9d46cedce09eafd61ccb36a9
#17 exporting manifest sha256:aa8bbd99c5c6edc9ad9950ae27a4fc9852bda10b9d46cedce09eafd61ccb36a9 0.7s done
#17 exporting config sha256:c00a44fb0c7115b8714e6be9f12c4099fcd91281ac8da257566545e0ea961742
#17 exporting config sha256:c00a44fb0c7115b8714e6be9f12c4099fcd91281ac8da257566545e0ea961742 0.6s done
#17 exporting attestation manifest sha256:d3617ae8ac5c6300478a993f33d7ab77756012b6f542c3b9724597302ce2fb1f
#17 exporting attestation manifest sha256:d3617ae8ac5c6300478a993f33d7ab77756012b6f542c3b9724597302ce2fb1f 2.0s done
#17 exporting manifest list sha256:902a0d864fde738cad45749475b0a34f56a19ad3fec8830d5e9997f2a1248aea
#17 exporting manifest list sha256:902a0d864fde738cad45749475b0a34f56a19ad3fec8830d5e9997f2a1248aea 0.8s done
#17 naming to docker.io/library/socialfollowersscraper-worker:latest
#17 naming to docker.io/library/socialfollowersscraper-worker:latest 0.2s done
#17 unpacking to docker.io/library/socialfollowersscraper-worker:latest
#17 ...

#18 [api] exporting to image
#18 exporting manifest sha256:7a8423fd466406f799e46f947f85199d1afe24b8d43bf1e69552090a8fbd7da3 0.7s done
#18 exporting config sha256:5f9ee2a32e94171d461626e1b493923f14c3852a899e70324b1f3eb6b2b42371 0.6s done
#18 exporting attestation manifest sha256:9a884a67249dd904ccdf288cbec31747572e8061c5ec517a0d18c4cbbd404fb2 2.0s done
#18 exporting manifest list sha256:fb362bd182a643710d775801c6f877b7bef095ba02f1e1e65996640755d089ca 0.9s done
#18 naming to docker.io/library/socialfollowersscraper-api:latest 0.2s done
#18 unpacking to docker.io/library/socialfollowersscraper-api:latest
#18 unpacking to docker.io/library/socialfollowersscraper-api:latest 102.3s done
#18 ...

#17 [worker] exporting to image
#17 unpacking to docker.io/library/socialfollowersscraper-worker:latest 102.4s done
#17 ...

#18 [api] exporting to image
#18 DONE 127.3s

#17 [worker] exporting to image
#17 DONE 127.3s

#19 [worker] resolving provenance for metadata file
#19 DONE 0.6s

#20 [api] resolving provenance for metadata file
#20 DONE 0.6s
 Image socialfollowersscraper-api Built 
 Image socialfollowersscraper-worker Built 
